../Core/Src/main.c:72:7:reverse	40	static
../Core/Src/main.c:68:5:main	48	static
../Core/Src/main.c:87:6:intToStr	40	static
../Core/Src/main.c:134:7:renderBoard	32	static
../Core/Src/main.c:147:7:renderScoreBoard	48	static
../Core/Src/main.c:180:7:startGame	32	static
../Core/Src/main.c:193:7:mensagemVencedor	48	static
../Core/Src/main.c:212:7:verificarVitoria	40	static
../Core/Src/main.c:315:6:SystemClock_Config	80	static
../Core/Src/main.c:351:13:MX_SPI1_Init	8	static
../Core/Src/main.c:391:13:MX_GPIO_Init	48	static
../Core/Src/main.c:445:6:Error_Handler	8	static,ignoring_inline_asm
